
> digitalteam@0.1.0 build
> next build

Γû▓ Next.js 16.1.6 (Turbopack)
- Environments: .env
- Experiments (use with caution):
  ┬╖ serverActions

  Creating an optimized production build ...
Γ£ô Compiled successfully in 7.2s
  Running TypeScript ...
npm : Failed to compile.
At line:1 char:1
+ npm run build > build_output.txt 
2>&1
+ 
~~~~~~~~~~~~~~~~~~~~~~~~~~~~~~~~~~~~~
    + CategoryInfo          : NotSpe 
   cified: (Failed to compile.:Stri  
  ng) [], RemoteException
    + FullyQualifiedErrorId : Native 
   CommandError
 

./app/(dashboard)/tasks/RelationSelec
tor.tsx:244:30
Type error: Cannot find name 'X'.

[0m [90m 242 |[39m                
             
onMouseLeave[33m=[39m{e 
[33m=>[39m e[33m.[39mcurrentTarge
t[33m.[39mstyle[33m.[39mbackgroun
d [33m=[39m [33m![39mvalue 
[33m?[39m 
[32m'rgba(0,122,255,0.06)'[39m 
[33m:[39m [32m'transparent'[39m}
 [90m 243 |[39m                    
     [33m>[39m
[31m[1m>[22m[39m[90m 244 |[39m 
                            
[33m<[39m[33mX[39m 
size[33m=[39m{[35m14[39m} 
[33m/[39m[33m>[39m
 [90m     |[39m                    
          [31m[1m^[22m[39m
 [90m 245 |[39m                    
         [33mNo[39m 
[33mRelation[39m
 [90m 246 |[39m                    
         {[33m![39mvalue 
[33m&&[39m 
[33m<[39m[33mCheck[39m 
size[33m=[39m{[35m14[39m} 
style[33m=[39m{{ 
marginLeft[33m:[39m 
[32m'auto'[39m }} 
[33m/[39m[33m>[39m}
 [90m 247 |[39m                    
     [33m<[39m[33m/[39m[33mdiv[
39m[33m>[39m[0m
Next.js build worker exited with 
code: 1 and signal: null
