app/(dashboard)/analytics/page.tsx(104,35): error TS2561: Object literal may only specify known properties, but 'assigneeId' does not exist in type 'TaskWhereInput'. Did you mean to write 'assignees'?
app/(dashboard)/analytics/page.tsx(117,55): error TS2561: Object literal may only specify known properties, but 'assigneeId' does not exist in type 'TaskWhereInput'. Did you mean to write 'assignees'?
app/(dashboard)/analytics/page.tsx(118,55): error TS2561: Object literal may only specify known properties, but 'assigneeId' does not exist in type 'TaskWhereInput'. Did you mean to write 'assignees'?
app/(dashboard)/analytics/page.tsx(122,35): error TS2561: Object literal may only specify known properties, but 'assigneeId' does not exist in type 'TaskWhereInput'. Did you mean to write 'assignees'?
app/(dashboard)/analytics/page.tsx(125,73): error TS2339: Property 'relatedItems' does not exist on type '{ id: string; title: string; description: string | null; status: string; priority: string; startDate: Date | null; dueDate: Date | null; creatorId: string; workspaceId: string; content: string | null; createdAt: Date; updatedAt: Date; }'.
app/(dashboard)/analytics/page.tsx(150,13): error TS2561: Object literal may only specify known properties, but 'assignee' does not exist in type 'TaskInclude<DefaultArgs>'. Did you mean to write 'assignees'?
app/(dashboard)/layout.tsx(92,17): error TS2561: Object literal may only specify known properties, but 'assigneeId' does not exist in type 'TaskWhereInput'. Did you mean to write 'assignees'?
app/(dashboard)/layout.tsx(103,17): error TS2561: Object literal may only specify known properties, but 'assigneeId' does not exist in type 'TaskWhereInput'. Did you mean to write 'assignees'?
app/(dashboard)/tasks/NewTaskModal.tsx(45,46): error TS2551: Property 'assigneeId' does not exist on type '{ assignees: { id: string; createdAt: Date; updatedAt: Date; email: string; name: string; password: string; role: string; isBanned: boolean; isActive: boolean; photo: string | null; bio: string | null; birthdate: Date | null; activeWorkspaceId: string | null; }[]; relatedItems: { ...; }[]; } & { ...; }'. Did you mean 'assignees'?
app/(dashboard)/tasks/NewTaskModal.tsx(46,60): error TS2551: Property 'assigneeId' does not exist on type '{ assignees: { id: string; createdAt: Date; updatedAt: Date; email: string; name: string; password: string; role: string; isBanned: boolean; isActive: boolean; photo: string | null; bio: string | null; birthdate: Date | null; activeWorkspaceId: string | null; }[]; relatedItems: { ...; }[]; } & { ...; }'. Did you mean 'assignees'?
app/(dashboard)/tasks/page.tsx(30,13): error TS2561: Object literal may only specify known properties, but 'assignee' does not exist in type 'TaskInclude<DefaultArgs>'. Did you mean to write 'assignees'?
lib/related-task-actions.ts(21,13): error TS2561: Object literal may only specify known properties, but 'assignee' does not exist in type 'TaskInclude<DefaultArgs>'. Did you mean to write 'assignees'?
lib/task-actions.ts(49,26): error TS2552: Cannot find name 'assigneeIds'. Did you mean 'assigneeId'?
