.next/types/validator.ts(105,39): error TS2307: Cannot find module '../../app/(dashboard)/tasks/page.js' or its corresponding type declarations.
lib/actions.ts(19,31): error TS2339: Property 'task' does not exist on type 'PrismaClient<PrismaClientOptions, never, DefaultArgs>'.
lib/actions.ts(50,31): error TS2339: Property 'task' does not exist on type 'PrismaClient<PrismaClientOptions, never, DefaultArgs>'.
lib/actions.ts(63,31): error TS2339: Property 'task' does not exist on type 'PrismaClient<PrismaClientOptions, never, DefaultArgs>'.
lib/actions.ts(74,31): error TS2339: Property 'task' does not exist on type 'PrismaClient<PrismaClientOptions, never, DefaultArgs>'.
lib/actions.ts(75,18): error TS2339: Property 'task' does not exist on type 'PrismaClient<PrismaClientOptions, never, DefaultArgs>'.
lib/actions.ts(86,25): error TS2339: Property 'task' does not exist on type 'PrismaClient<PrismaClientOptions, never, DefaultArgs>'.
lib/actions.ts(118,25): error TS2339: Property 'task' does not exist on type 'PrismaClient<PrismaClientOptions, never, DefaultArgs>'.
